// Vitest Snapshot v1

exports[`resolve options > resolve options 1`] = `
{
  "files": [
    [
      "lib/.gitkeep",
    ],
    [
      "exports/test.js",
    ],
  ],
  "packageJson": {
    "exports": {
      ".": "./lib/cli.mjs",
      "./a": {
        "node": {
          "require": "./exports/test.js",
        },
      },
      "./b": "./exports/test.js",
    },
    "files": [
      "lib",
      "exports",
    ],
  },
  "root": "<rootDir>",
  "strict": true,
}
`;
